../Middlewares/ST/STM32_USB_Host_Library/Class/AUDIO/Src/usbh_audio.c:191:27:USBH_AUDIO_InterfaceInit	56	static
../Middlewares/ST/STM32_USB_Host_Library/Class/AUDIO/Src/usbh_audio.c:337:27:USBH_AUDIO_InterfaceDeInit	24	static
../Middlewares/ST/STM32_USB_Host_Library/Class/AUDIO/Src/usbh_audio.c:378:27:USBH_AUDIO_ClassRequest	32	static
../Middlewares/ST/STM32_USB_Host_Library/Class/AUDIO/Src/usbh_audio.c:545:27:USBH_AUDIO_CSRequest	40	static
../Middlewares/ST/STM32_USB_Host_Library/Class/AUDIO/Src/usbh_audio.c:639:27:USBH_AUDIO_HandleCSRequest	24	static
../Middlewares/ST/STM32_USB_Host_Library/Class/AUDIO/Src/usbh_audio.c:679:27:USBH_AUDIO_Process	24	static
../Middlewares/ST/STM32_USB_Host_Library/Class/AUDIO/Src/usbh_audio.c:703:27:USBH_AUDIO_SOFProcess	16	static
../Middlewares/ST/STM32_USB_Host_Library/Class/AUDIO/Src/usbh_audio.c:715:27:USBH_AUDIO_FindAudioStreamingIN	24	static
../Middlewares/ST/STM32_USB_Host_Library/Class/AUDIO/Src/usbh_audio.c:757:27:USBH_AUDIO_FindAudioStreamingOUT	24	static
../Middlewares/ST/STM32_USB_Host_Library/Class/AUDIO/Src/usbh_audio.c:799:27:USBH_AUDIO_FindHIDControl	24	static
../Middlewares/ST/STM32_USB_Host_Library/Class/AUDIO/Src/usbh_audio.c:840:27:USBH_AUDIO_ParseCSDescriptors	40	static
../Middlewares/ST/STM32_USB_Host_Library/Class/AUDIO/Src/usbh_audio.c:903:27:ParseCSDescriptors	24	static
../Middlewares/ST/STM32_USB_Host_Library/Class/AUDIO/Src/usbh_audio.c:967:17:USBH_AUDIO_FindLinkedUnit	24	static
../Middlewares/ST/STM32_USB_Host_Library/Class/AUDIO/Src/usbh_audio.c:1028:27:USBH_AUDIO_BuildMicrophonePath	32	static
../Middlewares/ST/STM32_USB_Host_Library/Class/AUDIO/Src/usbh_audio.c:1094:27:USBH_AUDIO_BuildHeadphonePath	32	static
../Middlewares/ST/STM32_USB_Host_Library/Class/AUDIO/Src/usbh_audio.c:1186:27:USBH_AC_SetCur	32	static
../Middlewares/ST/STM32_USB_Host_Library/Class/AUDIO/Src/usbh_audio.c:1250:27:USBH_AC_GetCur	32	static
../Middlewares/ST/STM32_USB_Host_Library/Class/AUDIO/Src/usbh_audio.c:1323:27:USBH_AC_GetMax	32	static
../Middlewares/ST/STM32_USB_Host_Library/Class/AUDIO/Src/usbh_audio.c:1396:27:USBH_AC_GetRes	32	static
../Middlewares/ST/STM32_USB_Host_Library/Class/AUDIO/Src/usbh_audio.c:1469:27:USBH_AC_GetMin	32	static
../Middlewares/ST/STM32_USB_Host_Library/Class/AUDIO/Src/usbh_audio.c:1539:27:USBH_AUDIO_SetEndpointControls	32	static
../Middlewares/ST/STM32_USB_Host_Library/Class/AUDIO/Src/usbh_audio.c:1565:27:USBH_AUDIO_InputStream	24	static
../Middlewares/ST/STM32_USB_Host_Library/Class/AUDIO/Src/usbh_audio.c:1580:27:USBH_AUDIO_Control	32	static
../Middlewares/ST/STM32_USB_Host_Library/Class/AUDIO/Src/usbh_audio.c:1655:27:USBH_AUDIO_OutputStream	32	static
../Middlewares/ST/STM32_USB_Host_Library/Class/AUDIO/Src/usbh_audio.c:1726:27:USBH_AUDIO_Transmit	24	static
../Middlewares/ST/STM32_USB_Host_Library/Class/AUDIO/Src/usbh_audio.c:1804:20:USBH_AUDIO_SetFrequency	40	static
../Middlewares/ST/STM32_USB_Host_Library/Class/AUDIO/Src/usbh_audio.c:1871:20:USBH_AUDIO_Play	32	static
../Middlewares/ST/STM32_USB_Host_Library/Class/AUDIO/Src/usbh_audio.c:1903:20:USBH_AUDIO_Stop	24	static
../Middlewares/ST/STM32_USB_Host_Library/Class/AUDIO/Src/usbh_audio.c:1916:20:USBH_AUDIO_Suspend	24	static
../Middlewares/ST/STM32_USB_Host_Library/Class/AUDIO/Src/usbh_audio.c:1940:20:USBH_AUDIO_Resume	24	static
../Middlewares/ST/STM32_USB_Host_Library/Class/AUDIO/Src/usbh_audio.c:1963:9:USBH_AUDIO_GetOutOffset	24	static
../Middlewares/ST/STM32_USB_Host_Library/Class/AUDIO/Src/usbh_audio.c:1986:20:USBH_AUDIO_ChangeOutBuffer	24	static
../Middlewares/ST/STM32_USB_Host_Library/Class/AUDIO/Src/usbh_audio.c:2019:27:USBH_AUDIO_SetControlAttribute	24	static
../Middlewares/ST/STM32_USB_Host_Library/Class/AUDIO/Src/usbh_audio.c:2083:20:USBH_AUDIO_SetVolume	24	static
../Middlewares/ST/STM32_USB_Host_Library/Class/AUDIO/Src/usbh_audio.c:2111:27:AUDIO_SetVolume	32	static
../Middlewares/ST/STM32_USB_Host_Library/Class/AUDIO/Src/usbh_audio.c:2132:13:USBH_AUDIO_FrequencySet	16	static
../Middlewares/ST/STM32_USB_Host_Library/Class/AUDIO/Src/usbh_audio.c:2143:13:USBH_AUDIO_BufferEmptyCallback	16	static
