../Core/Src/stm32f7xx_hal_msp.c:65:6:HAL_MspInit	16	static
../Core/Src/stm32f7xx_hal_msp.c:88:6:HAL_ADC_MspInit	72	static
../Core/Src/stm32f7xx_hal_msp.c:183:6:HAL_ADC_MspDeInit	16	static
../Core/Src/stm32f7xx_hal_msp.c:257:6:HAL_I2C_MspInit	192	static
../Core/Src/stm32f7xx_hal_msp.c:377:6:HAL_I2C_MspDeInit	16	static
../Core/Src/stm32f7xx_hal_msp.c:448:6:HAL_QSPI_MspInit	56	static
../Core/Src/stm32f7xx_hal_msp.c:520:6:HAL_QSPI_MspDeInit	16	static
../Core/Src/stm32f7xx_hal_msp.c:559:6:HAL_SPI_MspInit	64	static
../Core/Src/stm32f7xx_hal_msp.c:638:6:HAL_SPI_MspDeInit	16	static
../Core/Src/stm32f7xx_hal_msp.c:692:6:HAL_TIM_PWM_MspInit	40	static
../Core/Src/stm32f7xx_hal_msp.c:752:6:HAL_TIM_MspPostInit	56	static
../Core/Src/stm32f7xx_hal_msp.c:869:6:HAL_TIM_PWM_MspDeInit	16	static
../Core/Src/stm32f7xx_hal_msp.c:935:6:HAL_UART_MspInit	208	static
../Core/Src/stm32f7xx_hal_msp.c:1128:6:HAL_UART_MspDeInit	16	static
../Core/Src/stm32f7xx_hal_msp.c:1229:13:HAL_FMC_MspInit	32	static
../Core/Src/stm32f7xx_hal_msp.c:1332:6:HAL_SRAM_MspInit	16	static
../Core/Src/stm32f7xx_hal_msp.c:1344:13:HAL_FMC_MspDeInit	8	static
../Core/Src/stm32f7xx_hal_msp.c:1420:6:HAL_SRAM_MspDeInit	16	static
../Core/Src/stm32f7xx_hal_msp.c:1432:6:HAL_SAI_MspInit	48	static
../Core/Src/stm32f7xx_hal_msp.c:1482:6:HAL_SAI_MspDeInit	16	static
